EN adresseramdataoutput NULL "X:/Herve/M1/FPGA VHDL/TP/TPVHDL_HerveJedeine/HerveIvanVGAFlagFrance/ColorRamDataOutput.vhd" sub00/vhpl18 1513964219
EN drawflagfrance NULL "X:/Herve/M1/FPGA VHDL/TP/TPVHDL_HerveJedeine/HerveIvanVGAFlagFrance/DrawFlagFrance.vhd" sub00/vhpl22 1513964207
EN hvsynchronitionsignal NULL "X:/Herve/M1/FPGA VHDL/TP/TPVHDL_HerveJedeine/HerveIvanVGAFlagFrance/FranceFlagDraw.vhd" sub00/vhpl20 1513964217
AR esigetelword esigetelword_a "X:/Herve/M1/FPGA VHDL/TP/TPVHDL_HerveJedeine/HerveIvanVGAFlagFrance/ipcore_dir/ESIGETELWord.vhd" sub00/vhpl11 1513964210
EN esigetelword NULL "X:/Herve/M1/FPGA VHDL/TP/TPVHDL_HerveJedeine/HerveIvanVGAFlagFrance/ipcore_dir/ESIGETELWord.vhd" sub00/vhpl10 1513964209
AR esigetelword2 esigetelword2_a "X:/Herve/M1/FPGA VHDL/TP/TPVHDL_HerveJedeine/HerveIvanVGAFlagFrance/ipcore_dir/ESIGETELWord2.vhd" sub00/vhpl13 1513964212
EN s3_exercice_2 NULL C:/Hervan/VGAAlmostDone/VGAController_01.vhd sub00/vhpl06 1485366791
AR divclk behavioral "X:/Herve/M1/FPGA VHDL/TP/TPVHDL_HerveJedeine/HerveIvanVGAFlagFrance/ClockDivisor.vhd" sub00/vhpl01 1513964222
AR tp2_vga behavioral "X:/Herve/M1/FPGA VHDL/TP/TPVHDL_HerveJedeine/HerveIvanVGAFlagFrance/VGAController_01.vhd" sub00/vhpl09 1513964226
AR vgacontroller_01 behavioral X:/Herve/School/ESIGETEL/M1/VHDL/VGA_Project/VGA_Project/VGAController_01.vhd sub00/vhpl05 1485178573
EN vgacontroller_01 NULL X:/Herve/School/ESIGETEL/M1/VHDL/VGA_Project/VGA_Project/VGAController_01.vhd sub00/vhpl04 1485178572
AR hvsynchronitionsignal behavioral "X:/Herve/M1/FPGA VHDL/TP/TPVHDL_HerveJedeine/HerveIvanVGAFlagFrance/FranceFlagDraw.vhd" sub00/vhpl21 1513964218
EN tp2_vga NULL "X:/Herve/M1/FPGA VHDL/TP/TPVHDL_HerveJedeine/HerveIvanVGAFlagFrance/VGAController_01.vhd" sub00/vhpl08 1513964225
EN hvpossignal NULL "X:/Herve/M1/FPGA VHDL/TP/TPVHDL_HerveJedeine/HerveIvanVGAFlagFrance/HVPosSignal.vhd" sub00/vhpl16 1513964215
AR s3_exercice_2 behavioral C:/Hervan/VGAAlmostDone/VGAController_01.vhd sub00/vhpl07 1485366792
AR adresseramdataoutput behavioral "X:/Herve/M1/FPGA VHDL/TP/TPVHDL_HerveJedeine/HerveIvanVGAFlagFrance/ColorRamDataOutput.vhd" sub00/vhpl19 1513964220
AR esigetelword3 esigetelword3_a "X:/Herve/M1/FPGA VHDL/TP/TPVHDL_HerveJedeine/HerveIvanVGAFlagFrance/ipcore_dir/ESIGETELWord3.vhd" sub00/vhpl15 1513964214
AR finalcolorsignal behavioral "X:/Herve/M1/FPGA VHDL/TP/TPVHDL_HerveJedeine/HerveIvanVGAFlagFrance/VGAController_02.vhd" sub00/vhpl25 1513964224
EN divclk NULL "X:/Herve/M1/FPGA VHDL/TP/TPVHDL_HerveJedeine/HerveIvanVGAFlagFrance/ClockDivisor.vhd" sub00/vhpl00 1513964221
AR drawflagfrance behavioral "X:/Herve/M1/FPGA VHDL/TP/TPVHDL_HerveJedeine/HerveIvanVGAFlagFrance/DrawFlagFrance.vhd" sub00/vhpl23 1513964208
AR synchronisor behavioral "X:/Herve/M1/FPGA VHDL/TP/TPVHDL_HerveJedeine/HerveIvanVGAFlagFrance/VGAController_02.vhd" sub00/vhpl03 1513954096
AR hvpossignal behavioral "X:/Herve/M1/FPGA VHDL/TP/TPVHDL_HerveJedeine/HerveIvanVGAFlagFrance/HVPosSignal.vhd" sub00/vhpl17 1513964216
EN esigetelword2 NULL "X:/Herve/M1/FPGA VHDL/TP/TPVHDL_HerveJedeine/HerveIvanVGAFlagFrance/ipcore_dir/ESIGETELWord2.vhd" sub00/vhpl12 1513964211
EN finalcolorsignal NULL "X:/Herve/M1/FPGA VHDL/TP/TPVHDL_HerveJedeine/HerveIvanVGAFlagFrance/VGAController_02.vhd" sub00/vhpl24 1513964223
EN esigetelword3 NULL "X:/Herve/M1/FPGA VHDL/TP/TPVHDL_HerveJedeine/HerveIvanVGAFlagFrance/ipcore_dir/ESIGETELWord3.vhd" sub00/vhpl14 1513964213
EN synchronisor NULL "X:/Herve/M1/FPGA VHDL/TP/TPVHDL_HerveJedeine/HerveIvanVGAFlagFrance/VGAController_02.vhd" sub00/vhpl02 1513954095
