V3 54
FL C:/Hervan/VGAAlmostDone/ClockDivisor.vhd 2017/01/25.12:35:34 P.20131013
FL C:/Hervan/VGAAlmostDone/VGAController_01.vhd 2017/01/25.16:25:31 P.20131013
EN work/S3_EXERCICE_2 1485366791 FL C:/Hervan/VGAAlmostDone/VGAController_01.vhd \
      PB ieee/std_logic_1164 1381692176 PB ieee/std_logic_arith 1381692177 \
      PB ieee/STD_LOGIC_UNSIGNED 1381692179
AR work/S3_EXERCICE_2/Behavioral 1485366792 \
      FL C:/Hervan/VGAAlmostDone/VGAController_01.vhd EN work/S3_EXERCICE_2 1485366791 \
      CP DivClk CP Synchronisor
FL C:/Hervan/VGAAlmostDone/VGAController_02.vhd 2017/01/25.18:52:58 P.20131013
FL C:/Hervan/VGA_Project/ClockDivisor.vhd 2017/01/25.12:35:34 P.20131013
FL C:/Hervan/VGA_Project/VGAController_01.vhd 2017/01/25.16:25:31 P.20131013
FL C:/Hervan/VGA_Project/VGAController_02.vhd 2017/01/25.16:27:28 P.20131013
FL "X:/Herve/M1/FPGA VHDL/TP/HerveIvanVGAFlagFrance/ipcore_dir/ESIGETELWord.vhd" 2017/12/21.16:31:05 P.20131013
FL "X:/Herve/M1/FPGA VHDL/TP/HerveIvanVGAFlagFrance/ipcore_dir/ESIGETELWord2.vhd" 2017/12/21.16:21:10 P.20131013
FL "X:/Herve/M1/FPGA VHDL/TP/HerveIvanVGAFlagFrance/ipcore_dir/ESIGETELWord3.vhd" 2017/12/21.16:22:45 P.20131013
FL "X:/Herve/M1/FPGA VHDL/TP/TPVHDL_HerveJedeine/HerveIvanVGAFlagFrance/ClockDivisor.vhd" 2017/12/20.22:34:39 P.20131013
EN work/DivClk 1513964221 \
      FL "X:/Herve/M1/FPGA VHDL/TP/TPVHDL_HerveJedeine/HerveIvanVGAFlagFrance/ClockDivisor.vhd" \
      PB ieee/std_logic_1164 1381692176 PB ieee/std_logic_arith 1381692177 \
      PB ieee/STD_LOGIC_UNSIGNED 1381692179
AR work/DivClk/Behavioral 1513964222 \
      FL "X:/Herve/M1/FPGA VHDL/TP/TPVHDL_HerveJedeine/HerveIvanVGAFlagFrance/ClockDivisor.vhd" \
      EN work/DivClk 1513964221
FL "X:/Herve/M1/FPGA VHDL/TP/TPVHDL_HerveJedeine/HerveIvanVGAFlagFrance/ColorRamDataOutput.vhd" 2017/12/22.18:36:35 P.20131013
EN work/AdresseRamDataOutput 1513964219 \
      FL "X:/Herve/M1/FPGA VHDL/TP/TPVHDL_HerveJedeine/HerveIvanVGAFlagFrance/ColorRamDataOutput.vhd" \
      PB ieee/std_logic_1164 1381692176 PB ieee/std_logic_arith 1381692177 \
      PB ieee/STD_LOGIC_UNSIGNED 1381692179 PB ieee/NUMERIC_STD 1354696164
AR work/AdresseRamDataOutput/Behavioral 1513964220 \
      FL "X:/Herve/M1/FPGA VHDL/TP/TPVHDL_HerveJedeine/HerveIvanVGAFlagFrance/ColorRamDataOutput.vhd" \
      EN work/AdresseRamDataOutput 1513964219
FL "X:/Herve/M1/FPGA VHDL/TP/TPVHDL_HerveJedeine/HerveIvanVGAFlagFrance/DrawFlagFrance.vhd" 2017/12/22.16:27:35 P.20131013
EN work/DrawFlagFrance 1513964207 \
      FL "X:/Herve/M1/FPGA VHDL/TP/TPVHDL_HerveJedeine/HerveIvanVGAFlagFrance/DrawFlagFrance.vhd" \
      PB ieee/std_logic_1164 1381692176 PB ieee/std_logic_arith 1381692177 \
      PB ieee/STD_LOGIC_UNSIGNED 1381692179 PB ieee/NUMERIC_STD 1354696164
AR work/DrawFlagFrance/Behavioral 1513964208 \
      FL "X:/Herve/M1/FPGA VHDL/TP/TPVHDL_HerveJedeine/HerveIvanVGAFlagFrance/DrawFlagFrance.vhd" \
      EN work/DrawFlagFrance 1513964207
FL "X:/Herve/M1/FPGA VHDL/TP/TPVHDL_HerveJedeine/HerveIvanVGAFlagFrance/FranceFlagDraw.vhd" 2017/12/22.15:09:40 P.20131013
EN work/HVSynchronitionSignal 1513964217 \
      FL "X:/Herve/M1/FPGA VHDL/TP/TPVHDL_HerveJedeine/HerveIvanVGAFlagFrance/FranceFlagDraw.vhd" \
      PB ieee/std_logic_1164 1381692176 PB ieee/std_logic_arith 1381692177 \
      PB ieee/STD_LOGIC_UNSIGNED 1381692179 PB ieee/NUMERIC_STD 1354696164
AR work/HVSynchronitionSignal/Behavioral 1513964218 \
      FL "X:/Herve/M1/FPGA VHDL/TP/TPVHDL_HerveJedeine/HerveIvanVGAFlagFrance/FranceFlagDraw.vhd" \
      EN work/HVSynchronitionSignal 1513964217
FL "X:/Herve/M1/FPGA VHDL/TP/TPVHDL_HerveJedeine/HerveIvanVGAFlagFrance/HVPosSignal.vhd" 2017/12/22.17:14:32 P.20131013
EN work/HVPosSignal 1513964215 \
      FL "X:/Herve/M1/FPGA VHDL/TP/TPVHDL_HerveJedeine/HerveIvanVGAFlagFrance/HVPosSignal.vhd" \
      PB ieee/std_logic_1164 1381692176 PB ieee/std_logic_arith 1381692177 \
      PB ieee/STD_LOGIC_UNSIGNED 1381692179 PB ieee/NUMERIC_STD 1354696164
AR work/HVPosSignal/Behavioral 1513964216 \
      FL "X:/Herve/M1/FPGA VHDL/TP/TPVHDL_HerveJedeine/HerveIvanVGAFlagFrance/HVPosSignal.vhd" \
      EN work/HVPosSignal 1513964215
FL "X:/Herve/M1/FPGA VHDL/TP/TPVHDL_HerveJedeine/HerveIvanVGAFlagFrance/ipcore_dir/ESIGETELWord.vhd" 2017/12/22.18:09:28 P.20131013
EN work/ESIGETELWord 1513964209 \
      FL "X:/Herve/M1/FPGA VHDL/TP/TPVHDL_HerveJedeine/HerveIvanVGAFlagFrance/ipcore_dir/ESIGETELWord.vhd" \
      PB ieee/std_logic_1164 1381692176
AR work/ESIGETELWord/ESIGETELWord_a 1513964210 \
      FL "X:/Herve/M1/FPGA VHDL/TP/TPVHDL_HerveJedeine/HerveIvanVGAFlagFrance/ipcore_dir/ESIGETELWord.vhd" \
      EN work/ESIGETELWord 1513964209
FL "X:/Herve/M1/FPGA VHDL/TP/TPVHDL_HerveJedeine/HerveIvanVGAFlagFrance/ipcore_dir/ESIGETELWord2.vhd" 2017/12/22.18:12:20 P.20131013
EN work/ESIGETELWord2 1513964211 \
      FL "X:/Herve/M1/FPGA VHDL/TP/TPVHDL_HerveJedeine/HerveIvanVGAFlagFrance/ipcore_dir/ESIGETELWord2.vhd" \
      PB ieee/std_logic_1164 1381692176
AR work/ESIGETELWord2/ESIGETELWord2_a 1513964212 \
      FL "X:/Herve/M1/FPGA VHDL/TP/TPVHDL_HerveJedeine/HerveIvanVGAFlagFrance/ipcore_dir/ESIGETELWord2.vhd" \
      EN work/ESIGETELWord2 1513964211
FL "X:/Herve/M1/FPGA VHDL/TP/TPVHDL_HerveJedeine/HerveIvanVGAFlagFrance/ipcore_dir/ESIGETELWord3.vhd" 2017/12/22.18:13:49 P.20131013
EN work/ESIGETELWord3 1513964213 \
      FL "X:/Herve/M1/FPGA VHDL/TP/TPVHDL_HerveJedeine/HerveIvanVGAFlagFrance/ipcore_dir/ESIGETELWord3.vhd" \
      PB ieee/std_logic_1164 1381692176
AR work/ESIGETELWord3/ESIGETELWord3_a 1513964214 \
      FL "X:/Herve/M1/FPGA VHDL/TP/TPVHDL_HerveJedeine/HerveIvanVGAFlagFrance/ipcore_dir/ESIGETELWord3.vhd" \
      EN work/ESIGETELWord3 1513964213
FL "X:/Herve/M1/FPGA VHDL/TP/TPVHDL_HerveJedeine/HerveIvanVGAFlagFrance/VGAController_01.vhd" 2017/12/22.18:22:25 P.20131013
EN work/TP2_VGA 1513964225 \
      FL "X:/Herve/M1/FPGA VHDL/TP/TPVHDL_HerveJedeine/HerveIvanVGAFlagFrance/VGAController_01.vhd" \
      PB ieee/std_logic_1164 1381692176 PB ieee/std_logic_arith 1381692177 \
      PB ieee/STD_LOGIC_UNSIGNED 1381692179
AR work/TP2_VGA/Behavioral 1513964226 \
      FL "X:/Herve/M1/FPGA VHDL/TP/TPVHDL_HerveJedeine/HerveIvanVGAFlagFrance/VGAController_01.vhd" \
      EN work/TP2_VGA 1513964225 CP DrawFlagFrance CP ESIGETELWord CP ESIGETELWord2 \
      CP ESIGETELWord3 CP HVPosSignal CP HVSynchronitionSignal \
      CP AdresseRamDataOutput CP DivClk CP FinalColorSignal
FL "X:/Herve/M1/FPGA VHDL/TP/TPVHDL_HerveJedeine/HerveIvanVGAFlagFrance/VGAController_02.vhd" 2017/12/22.15:49:32 P.20131013
EN work/FinalColorSignal 1513964223 \
      FL "X:/Herve/M1/FPGA VHDL/TP/TPVHDL_HerveJedeine/HerveIvanVGAFlagFrance/VGAController_02.vhd" \
      PB ieee/std_logic_1164 1381692176 PB ieee/std_logic_arith 1381692177 \
      PB ieee/STD_LOGIC_UNSIGNED 1381692179 PB ieee/NUMERIC_STD 1354696164
AR work/FinalColorSignal/Behavioral 1513964224 \
      FL "X:/Herve/M1/FPGA VHDL/TP/TPVHDL_HerveJedeine/HerveIvanVGAFlagFrance/VGAController_02.vhd" \
      EN work/FinalColorSignal 1513964223
FL "X:/Herve/School/ESIGETEL/M1/VHDL/previous work/m1VHDL/ClockDivisor.vhd" 2017/01/23.20:55:03 P.20131013
FL X:/Herve/School/ESIGETEL/M1/VHDL/VGA_Project/VGA_Project/VGAController_01.vhd 2017/01/23.21:11:51 P.20131013
FL X:/Herve/School/ESIGETEL/M1/VHDL/VGA_Project/VGA_Project/VGAController_02.vhd 2017/01/23.20:53:44 P.20131013
